---
source: crates/dbdict/tests/validate_spec.rs
assertion_line: 495
---
$version: "0.1.0"
$learn_more: https://github.com/pjc-crates/dbdict
tables:
  - name: table
    columns:
      - name: active
        type: boolean
        examples: [true, false]
────────────────────────────────────────
error: [S07] A `boolean` column must not have `values`, `range`, or `examples`.
 --> dict.yaml:8:19
  |
4 |   - name: table
5 |     columns:
6 |       - name: active
7 |         type: boolean
8 |         examples: [true, false]
  |                   ^^^^^^^^^^^^ has type `boolean` but uses `examples`
